../Core/Src/main.c:119:6:compute_power_spectrum	9
../Core/Src/main.c:187:6:extract_features	23
../Core/Src/main.c:304:5:classify_garbage	4
../Core/Src/main.c:329:13:fill_audio_buffer	7
../Core/Src/main.c:358:6:HAL_I2S_RxHalfCpltCallback	2
../Core/Src/main.c:363:6:HAL_I2S_RxCpltCallback	2
../Core/Src/main.c:374:5:main	13
../Core/Src/main.c:548:6:SystemClock_Config	3
../Core/Src/main.c:592:13:MX_I2C1_Init	2
../Core/Src/main.c:624:13:MX_I2S2_Init	2
../Core/Src/main.c:656:13:MX_USART3_UART_Init	2
../Core/Src/main.c:687:13:MX_USB_OTG_FS_PCD_Init	2
../Core/Src/main.c:718:13:MX_DMA_Init	1
../Core/Src/main.c:735:13:MX_GPIO_Init	1
../Core/Src/main.c:811:6:Error_Handler	1
