../Core/Src/main.c:122:13:fill_audio_buffer	32	static
../Core/Src/main.c:156:6:HAL_I2S_RxHalfCpltCallback	16	static
../Core/Src/main.c:163:6:HAL_I2S_RxCpltCallback	16	static
../Core/Src/main.c:176:5:main	136	static
../Core/Src/main.c:361:6:SystemClock_Config	88	static
../Core/Src/main.c:407:13:MX_I2C1_Init	8	static
../Core/Src/main.c:440:13:MX_I2S2_Init	8	static
../Core/Src/main.c:473:13:MX_USART3_UART_Init	8	static
../Core/Src/main.c:505:13:MX_USB_OTG_FS_PCD_Init	8	static
../Core/Src/main.c:537:13:MX_DMA_Init	16	static
../Core/Src/main.c:554:13:MX_GPIO_Init	56	static
../Core/Src/main.c:631:6:Error_Handler	8	static,ignoring_inline_asm
