../Core/Src/main.c:122:13:fill_audio_buffer	7
../Core/Src/main.c:156:6:HAL_I2S_RxHalfCpltCallback	2
../Core/Src/main.c:163:6:HAL_I2S_RxCpltCallback	2
../Core/Src/main.c:176:5:main	13
../Core/Src/main.c:361:6:SystemClock_Config	3
../Core/Src/main.c:407:13:MX_I2C1_Init	2
../Core/Src/main.c:440:13:MX_I2S2_Init	2
../Core/Src/main.c:473:13:MX_USART3_UART_Init	2
../Core/Src/main.c:505:13:MX_USB_OTG_FS_PCD_Init	2
../Core/Src/main.c:537:13:MX_DMA_Init	1
../Core/Src/main.c:554:13:MX_GPIO_Init	1
../Core/Src/main.c:631:6:Error_Handler	1
