../Core/Src/main.c:119:6:compute_power_spectrum	8296	static
../Core/Src/main.c:187:6:extract_features	176	static
../Core/Src/main.c:304:5:classify_garbage	40	static
../Core/Src/main.c:329:13:fill_audio_buffer	32	static
../Core/Src/main.c:358:6:HAL_I2S_RxHalfCpltCallback	16	static
../Core/Src/main.c:363:6:HAL_I2S_RxCpltCallback	16	static
../Core/Src/main.c:374:5:main	136	static
../Core/Src/main.c:548:6:SystemClock_Config	88	static
../Core/Src/main.c:592:13:MX_I2C1_Init	8	static
../Core/Src/main.c:624:13:MX_I2S2_Init	8	static
../Core/Src/main.c:656:13:MX_USART3_UART_Init	8	static
../Core/Src/main.c:687:13:MX_USB_OTG_FS_PCD_Init	8	static
../Core/Src/main.c:718:13:MX_DMA_Init	16	static
../Core/Src/main.c:735:13:MX_GPIO_Init	56	static
../Core/Src/main.c:811:6:Error_Handler	8	static,ignoring_inline_asm
