../Core/Src/main.c:165:6:compute_power_spectrum	104	static
../Core/Src/main.c:254:6:extract_features	184	static
../Core/Src/main.c:405:5:classify_garbage	48	static
../Core/Src/main.c:442:13:fill_audio_buffer	32	static
../Core/Src/main.c:481:6:OLED_ShowIdle	8	static
../Core/Src/main.c:494:6:OLED_ShowTimeout	8	static
../Core/Src/main.c:507:6:OLED_ShowResult	48	static
../Core/Src/main.c:528:6:servo_rotate_0	8	static
../Core/Src/main.c:534:6:servo_rotate_90	8	static
../Core/Src/main.c:540:6:servo_rotate_180	8	static
../Core/Src/main.c:546:6:servo_rotate_270	8	static
../Core/Src/main.c:554:6:HAL_I2S_RxHalfCpltCallback	16	static
../Core/Src/main.c:561:6:HAL_I2S_RxCpltCallback	16	static
../Core/Src/main.c:572:5:main	344	static
../Core/Src/main.c:865:6:SystemClock_Config	88	static
../Core/Src/main.c:909:13:MX_I2C1_Init	8	static
../Core/Src/main.c:941:13:MX_I2S2_Init	8	static
../Core/Src/main.c:973:13:MX_TIM4_Init	64	static
../Core/Src/main.c:1033:13:MX_USART3_UART_Init	8	static
../Core/Src/main.c:1064:13:MX_USB_OTG_FS_PCD_Init	8	static
../Core/Src/main.c:1095:13:MX_DMA_Init	16	static
../Core/Src/main.c:1112:13:MX_GPIO_Init	56	static
../Core/Src/main.c:1196:6:Error_Handler	8	static,ignoring_inline_asm
