../Core/Src/main.c:165:6:compute_power_spectrum	9
../Core/Src/main.c:254:6:extract_features	24
../Core/Src/main.c:405:5:classify_garbage	5
../Core/Src/main.c:442:13:fill_audio_buffer	8
../Core/Src/main.c:481:6:OLED_ShowIdle	1
../Core/Src/main.c:494:6:OLED_ShowTimeout	1
../Core/Src/main.c:507:6:OLED_ShowResult	1
../Core/Src/main.c:528:6:servo_rotate_0	1
../Core/Src/main.c:534:6:servo_rotate_90	1
../Core/Src/main.c:540:6:servo_rotate_180	1
../Core/Src/main.c:546:6:servo_rotate_270	1
../Core/Src/main.c:554:6:HAL_I2S_RxHalfCpltCallback	2
../Core/Src/main.c:561:6:HAL_I2S_RxCpltCallback	2
../Core/Src/main.c:572:5:main	24
../Core/Src/main.c:865:6:SystemClock_Config	3
../Core/Src/main.c:909:13:MX_I2C1_Init	2
../Core/Src/main.c:941:13:MX_I2S2_Init	2
../Core/Src/main.c:973:13:MX_TIM4_Init	7
../Core/Src/main.c:1033:13:MX_USART3_UART_Init	2
../Core/Src/main.c:1064:13:MX_USB_OTG_FS_PCD_Init	2
../Core/Src/main.c:1095:13:MX_DMA_Init	1
../Core/Src/main.c:1112:13:MX_GPIO_Init	1
../Core/Src/main.c:1196:6:Error_Handler	1
