../Core/Src/main.c:94:13:convert_i2s_block_to_pcm16	2
../Core/Src/main.c:108:6:HAL_I2S_RxHalfCpltCallback	2
../Core/Src/main.c:114:6:HAL_I2S_RxCpltCallback	2
../Core/Src/main.c:125:5:main	10
../Core/Src/main.c:283:6:SystemClock_Config	3
../Core/Src/main.c:327:13:MX_I2C1_Init	2
../Core/Src/main.c:359:13:MX_I2S2_Init	2
../Core/Src/main.c:391:13:MX_USART3_UART_Init	2
../Core/Src/main.c:422:13:MX_USB_OTG_FS_PCD_Init	2
../Core/Src/main.c:453:13:MX_DMA_Init	1
../Core/Src/main.c:470:13:MX_GPIO_Init	1
../Core/Src/main.c:546:6:Error_Handler	1
