../Core/Src/main.c:79:6:set_servo_angle	24	static
../Core/Src/main.c:93:6:servo_control	8	static
../Core/Src/main.c:122:13:convert_i2s_block_to_pcm16	40	static
../Core/Src/main.c:136:6:HAL_I2S_RxHalfCpltCallback	16	static
../Core/Src/main.c:142:6:HAL_I2S_RxCpltCallback	16	static
../Core/Src/main.c:153:5:main	48	static
../Core/Src/main.c:318:6:SystemClock_Config	88	static
../Core/Src/main.c:365:13:MX_I2C1_Init	8	static
../Core/Src/main.c:399:13:MX_I2S2_Init	8	static
../Core/Src/main.c:433:13:MX_TIM2_Init	64	static
../Core/Src/main.c:492:13:MX_USART3_UART_Init	8	static
../Core/Src/main.c:525:13:MX_USB_OTG_FS_PCD_Init	8	static
../Core/Src/main.c:558:13:MX_DMA_Init	16	static
../Core/Src/main.c:576:13:MX_GPIO_Init	56	static
../Core/Src/main.c:652:6:Error_Handler	8	static,ignoring_inline_asm
