../Core/Src/main.c:94:13:convert_i2s_block_to_pcm16	40	static
../Core/Src/main.c:108:6:HAL_I2S_RxHalfCpltCallback	16	static
../Core/Src/main.c:114:6:HAL_I2S_RxCpltCallback	16	static
../Core/Src/main.c:125:5:main	48	static
../Core/Src/main.c:283:6:SystemClock_Config	88	static
../Core/Src/main.c:327:13:MX_I2C1_Init	8	static
../Core/Src/main.c:359:13:MX_I2S2_Init	8	static
../Core/Src/main.c:391:13:MX_USART3_UART_Init	8	static
../Core/Src/main.c:422:13:MX_USB_OTG_FS_PCD_Init	8	static
../Core/Src/main.c:453:13:MX_DMA_Init	16	static
../Core/Src/main.c:470:13:MX_GPIO_Init	56	static
../Core/Src/main.c:546:6:Error_Handler	8	static,ignoring_inline_asm
