../Core/Src/main.c:162:6:compute_power_spectrum	9
../Core/Src/main.c:251:6:extract_features	24
../Core/Src/main.c:402:5:classify_garbage	5
../Core/Src/main.c:439:13:fill_audio_buffer	8
../Core/Src/main.c:478:6:OLED_ShowIdle	1
../Core/Src/main.c:491:6:OLED_ShowTimeout	1
../Core/Src/main.c:504:6:OLED_ShowResult	1
../Core/Src/main.c:526:6:HAL_I2S_RxHalfCpltCallback	2
../Core/Src/main.c:533:6:HAL_I2S_RxCpltCallback	2
../Core/Src/main.c:544:5:main	18
../Core/Src/main.c:796:6:SystemClock_Config	3
../Core/Src/main.c:840:13:MX_I2C1_Init	2
../Core/Src/main.c:872:13:MX_I2S2_Init	2
../Core/Src/main.c:904:13:MX_USART3_UART_Init	2
../Core/Src/main.c:935:13:MX_USB_OTG_FS_PCD_Init	2
../Core/Src/main.c:966:13:MX_DMA_Init	1
../Core/Src/main.c:983:13:MX_GPIO_Init	1
../Core/Src/main.c:1059:6:Error_Handler	1
