../Core/Src/main.c:162:6:compute_power_spectrum	104	static
../Core/Src/main.c:251:6:extract_features	184	static
../Core/Src/main.c:402:5:classify_garbage	48	static
../Core/Src/main.c:439:13:fill_audio_buffer	32	static
../Core/Src/main.c:478:6:OLED_ShowIdle	8	static
../Core/Src/main.c:491:6:OLED_ShowTimeout	8	static
../Core/Src/main.c:504:6:OLED_ShowResult	48	static
../Core/Src/main.c:526:6:HAL_I2S_RxHalfCpltCallback	16	static
../Core/Src/main.c:533:6:HAL_I2S_RxCpltCallback	16	static
../Core/Src/main.c:544:5:main	336	static
../Core/Src/main.c:796:6:SystemClock_Config	88	static
../Core/Src/main.c:840:13:MX_I2C1_Init	8	static
../Core/Src/main.c:872:13:MX_I2S2_Init	8	static
../Core/Src/main.c:904:13:MX_USART3_UART_Init	8	static
../Core/Src/main.c:935:13:MX_USB_OTG_FS_PCD_Init	8	static
../Core/Src/main.c:966:13:MX_DMA_Init	16	static
../Core/Src/main.c:983:13:MX_GPIO_Init	56	static
../Core/Src/main.c:1059:6:Error_Handler	8	static,ignoring_inline_asm
